To honour the JVM settings for this build a single-use Daemon process will be forked. For more on this, please refer to https://docs.gradle.org/9.1.0/userguide/gradle_daemon.html#sec:disabling_the_daemon in the Gradle documentation.
Daemon will be stopped at the end of the build 
Calculating task graph as no cached configuration is available for tasks: :feature-dashboard:clean :feature-dashboard:testDebugUnitTest

> Configure project :app
WARNING: The option setting 'android.usesSdkInManifest.disallowed=false' is deprecated.
The current default is 'true'.
It will be removed in version 10.0 of the Android Gradle plugin.
WARNING: The option setting 'android.sdk.defaultTargetSdkToCompileSdkIfUnset=false' is deprecated.
The current default is 'true'.
It will be removed in version 10.0 of the Android Gradle plugin.
WARNING: The option setting 'android.enableAppCompileTimeRClass=false' is deprecated.
The current default is 'true'.
It will be removed in version 10.0 of the Android Gradle plugin.
WARNING: The option setting 'android.builtInKotlin=false' is deprecated.
The current default is 'true'.
It will be removed in version 10.0 of the Android Gradle plugin.
WARNING: The option setting 'android.newDsl=false' is deprecated.
The current default is 'true'.
It will be removed in version 10.0 of the Android Gradle plugin.
WARNING: The option setting 'android.r8.optimizedResourceShrinking=false' is deprecated.
The current default is 'true'.
It will be removed in version 10.0 of the Android Gradle plugin.
WARNING: The option setting 'android.defaults.buildfeatures.resvalues=true' is deprecated.
The current default is 'false'.
It will be removed in version 10.0 of the Android Gradle plugin.
WARNING: The property android.dependency.excludeLibraryComponentsFromConstraints improves project import performance for very large projects. It should be enabled to improve performance.
To suppress this warning, add android.generateSyncIssueWhenLibraryConstraintsAreEnabled=false to gradle.properties
WARNING: The property android.dependency.excludeLibraryComponentsFromConstraints improves project import performance for very large projects. It should be enabled to improve performance.
To suppress this warning, add android.generateSyncIssueWhenLibraryConstraintsAreEnabled=false to gradle.properties
WARNING: The property android.dependency.excludeLibraryComponentsFromConstraints improves project import performance for very large projects. It should be enabled to improve performance.
To suppress this warning, add android.generateSyncIssueWhenLibraryConstraintsAreEnabled=false to gradle.properties
WARNING: The property android.dependency.excludeLibraryComponentsFromConstraints improves project import performance for very large projects. It should be enabled to improve performance.
To suppress this warning, add android.generateSyncIssueWhenLibraryConstraintsAreEnabled=false to gradle.properties
WARNING: The multidex library is included as a dependency, but it is not needed for apps
with minSdk >= 21. Please remove dependency 'androidx.multidex:multidex:2.0.1' from ':app'.
See https://developer.android.com/build/multidex for more information.

> Configure project :core-ai
WARNING: The property android.dependency.excludeLibraryComponentsFromConstraints improves project import performance for very large projects. It should be enabled to improve performance.
To suppress this warning, add android.generateSyncIssueWhenLibraryConstraintsAreEnabled=false to gradle.properties
WARNING: The property android.dependency.excludeLibraryComponentsFromConstraints improves project import performance for very large projects. It should be enabled to improve performance.
To suppress this warning, add android.generateSyncIssueWhenLibraryConstraintsAreEnabled=false to gradle.properties
WARNING: The property android.dependency.excludeLibraryComponentsFromConstraints improves project import performance for very large projects. It should be enabled to improve performance.
To suppress this warning, add android.generateSyncIssueWhenLibraryConstraintsAreEnabled=false to gradle.properties
WARNING: The property android.dependency.excludeLibraryComponentsFromConstraints improves project import performance for very large projects. It should be enabled to improve performance.
To suppress this warning, add android.generateSyncIssueWhenLibraryConstraintsAreEnabled=false to gradle.properties

> Configure project :core-data
WARNING: The property android.dependency.excludeLibraryComponentsFromConstraints improves project import performance for very large projects. It should be enabled to improve performance.
To suppress this warning, add android.generateSyncIssueWhenLibraryConstraintsAreEnabled=false to gradle.properties
WARNING: The property android.dependency.excludeLibraryComponentsFromConstraints improves project import performance for very large projects. It should be enabled to improve performance.
To suppress this warning, add android.generateSyncIssueWhenLibraryConstraintsAreEnabled=false to gradle.properties
WARNING: The property android.dependency.excludeLibraryComponentsFromConstraints improves project import performance for very large projects. It should be enabled to improve performance.
To suppress this warning, add android.generateSyncIssueWhenLibraryConstraintsAreEnabled=false to gradle.properties
WARNING: The property android.dependency.excludeLibraryComponentsFromConstraints improves project import performance for very large projects. It should be enabled to improve performance.
To suppress this warning, add android.generateSyncIssueWhenLibraryConstraintsAreEnabled=false to gradle.properties

> Configure project :core-ui
WARNING: The property android.dependency.excludeLibraryComponentsFromConstraints improves project import performance for very large projects. It should be enabled to improve performance.
To suppress this warning, add android.generateSyncIssueWhenLibraryConstraintsAreEnabled=false to gradle.properties
WARNING: The property android.dependency.excludeLibraryComponentsFromConstraints improves project import performance for very large projects. It should be enabled to improve performance.
To suppress this warning, add android.generateSyncIssueWhenLibraryConstraintsAreEnabled=false to gradle.properties
WARNING: The property android.dependency.excludeLibraryComponentsFromConstraints improves project import performance for very large projects. It should be enabled to improve performance.
To suppress this warning, add android.generateSyncIssueWhenLibraryConstraintsAreEnabled=false to gradle.properties
WARNING: The property android.dependency.excludeLibraryComponentsFromConstraints improves project import performance for very large projects. It should be enabled to improve performance.
To suppress this warning, add android.generateSyncIssueWhenLibraryConstraintsAreEnabled=false to gradle.properties

> Configure project :feature-dashboard
WARNING: The property android.dependency.excludeLibraryComponentsFromConstraints improves project import performance for very large projects. It should be enabled to improve performance.
To suppress this warning, add android.generateSyncIssueWhenLibraryConstraintsAreEnabled=false to gradle.properties
WARNING: The property android.dependency.excludeLibraryComponentsFromConstraints improves project import performance for very large projects. It should be enabled to improve performance.
To suppress this warning, add android.generateSyncIssueWhenLibraryConstraintsAreEnabled=false to gradle.properties
WARNING: The property android.dependency.excludeLibraryComponentsFromConstraints improves project import performance for very large projects. It should be enabled to improve performance.
To suppress this warning, add android.generateSyncIssueWhenLibraryConstraintsAreEnabled=false to gradle.properties
WARNING: The property android.dependency.excludeLibraryComponentsFromConstraints improves project import performance for very large projects. It should be enabled to improve performance.
To suppress this warning, add android.generateSyncIssueWhenLibraryConstraintsAreEnabled=false to gradle.properties

> Configure project :feature-onboarding
WARNING: The property android.dependency.excludeLibraryComponentsFromConstraints improves project import performance for very large projects. It should be enabled to improve performance.
To suppress this warning, add android.generateSyncIssueWhenLibraryConstraintsAreEnabled=false to gradle.properties
WARNING: The property android.dependency.excludeLibraryComponentsFromConstraints improves project import performance for very large projects. It should be enabled to improve performance.
To suppress this warning, add android.generateSyncIssueWhenLibraryConstraintsAreEnabled=false to gradle.properties
WARNING: The property android.dependency.excludeLibraryComponentsFromConstraints improves project import performance for very large projects. It should be enabled to improve performance.
To suppress this warning, add android.generateSyncIssueWhenLibraryConstraintsAreEnabled=false to gradle.properties
WARNING: The property android.dependency.excludeLibraryComponentsFromConstraints improves project import performance for very large projects. It should be enabled to improve performance.
To suppress this warning, add android.generateSyncIssueWhenLibraryConstraintsAreEnabled=false to gradle.properties

> Configure project :feature-scanner
WARNING: The property android.dependency.excludeLibraryComponentsFromConstraints improves project import performance for very large projects. It should be enabled to improve performance.
To suppress this warning, add android.generateSyncIssueWhenLibraryConstraintsAreEnabled=false to gradle.properties
WARNING: The property android.dependency.excludeLibraryComponentsFromConstraints improves project import performance for very large projects. It should be enabled to improve performance.
To suppress this warning, add android.generateSyncIssueWhenLibraryConstraintsAreEnabled=false to gradle.properties
WARNING: The property android.dependency.excludeLibraryComponentsFromConstraints improves project import performance for very large projects. It should be enabled to improve performance.
To suppress this warning, add android.generateSyncIssueWhenLibraryConstraintsAreEnabled=false to gradle.properties
WARNING: The property android.dependency.excludeLibraryComponentsFromConstraints improves project import performance for very large projects. It should be enabled to improve performance.
To suppress this warning, add android.generateSyncIssueWhenLibraryConstraintsAreEnabled=false to gradle.properties

> Configure project :feature-subscription
WARNING: The property android.dependency.excludeLibraryComponentsFromConstraints improves project import performance for very large projects. It should be enabled to improve performance.
To suppress this warning, add android.generateSyncIssueWhenLibraryConstraintsAreEnabled=false to gradle.properties
WARNING: The property android.dependency.excludeLibraryComponentsFromConstraints improves project import performance for very large projects. It should be enabled to improve performance.
To suppress this warning, add android.generateSyncIssueWhenLibraryConstraintsAreEnabled=false to gradle.properties
WARNING: The property android.dependency.excludeLibraryComponentsFromConstraints improves project import performance for very large projects. It should be enabled to improve performance.
To suppress this warning, add android.generateSyncIssueWhenLibraryConstraintsAreEnabled=false to gradle.properties
WARNING: The property android.dependency.excludeLibraryComponentsFromConstraints improves project import performance for very large projects. It should be enabled to improve performance.
To suppress this warning, add android.generateSyncIssueWhenLibraryConstraintsAreEnabled=false to gradle.properties

> Configure project :feature-trends
WARNING: The property android.dependency.excludeLibraryComponentsFromConstraints improves project import performance for very large projects. It should be enabled to improve performance.
To suppress this warning, add android.generateSyncIssueWhenLibraryConstraintsAreEnabled=false to gradle.properties
WARNING: The property android.dependency.excludeLibraryComponentsFromConstraints improves project import performance for very large projects. It should be enabled to improve performance.
To suppress this warning, add android.generateSyncIssueWhenLibraryConstraintsAreEnabled=false to gradle.properties
WARNING: The property android.dependency.excludeLibraryComponentsFromConstraints improves project import performance for very large projects. It should be enabled to improve performance.
To suppress this warning, add android.generateSyncIssueWhenLibraryConstraintsAreEnabled=false to gradle.properties
WARNING: The property android.dependency.excludeLibraryComponentsFromConstraints improves project import performance for very large projects. It should be enabled to improve performance.
To suppress this warning, add android.generateSyncIssueWhenLibraryConstraintsAreEnabled=false to gradle.properties

> Task :core-ai:preBuild UP-TO-DATE
> Task :core-ai:preDebugBuild UP-TO-DATE
> Task :core-data:preBuild UP-TO-DATE
> Task :core-ai:checkKotlinGradlePluginConfigurationErrors SKIPPED
> Task :core-ai:generateDebugResValues UP-TO-DATE
> Task :core-ai:javaPreCompileDebug UP-TO-DATE
> Task :core-data:preDebugBuild UP-TO-DATE
> Task :core-data:checkKotlinGradlePluginConfigurationErrors SKIPPED
> Task :core-ai:processDebugNavigationResources UP-TO-DATE
> Task :core-ai:generateDebugResources UP-TO-DATE
> Task :core-data:generateDebugResValues UP-TO-DATE
> Task :core-data:processDebugNavigationResources UP-TO-DATE
> Task :core-data:generateDebugResources UP-TO-DATE
> Task :core-data:javaPreCompileDebug UP-TO-DATE
> Task :core-ui:checkKotlinGradlePluginConfigurationErrors SKIPPED
> Task :core-ui:preBuild UP-TO-DATE
> Task :core-ui:preDebugBuild UP-TO-DATE
> Task :core-ai:packageDebugResources UP-TO-DATE
> Task :core-data:packageDebugResources UP-TO-DATE
> Task :core-ui:generateDebugResValues UP-TO-DATE
> Task :core-ai:parseDebugLocalResources UP-TO-DATE
> Task :core-data:parseDebugLocalResources UP-TO-DATE
> Task :core-ui:generateDebugResources UP-TO-DATE
> Task :core-data:generateDebugRFile UP-TO-DATE
> Task :core-ai:generateDebugRFile UP-TO-DATE
> Task :core-ui:packageDebugResources UP-TO-DATE
> Task :core-ui:processDebugNavigationResources UP-TO-DATE
> Task :core-ui:parseDebugLocalResources UP-TO-DATE
> Task :core-ui:generateDebugRFile UP-TO-DATE
> Task :core-ai:kspDebugKotlin UP-TO-DATE
> Task :core-data:kspDebugKotlin UP-TO-DATE
> Task :core-ui:compileDebugKotlin UP-TO-DATE
> Task :core-ui:javaPreCompileDebug UP-TO-DATE
> Task :core-ui:compileDebugJavaWithJavac NO-SOURCE
> Task :core-ui:bundleLibRuntimeToJarDebug UP-TO-DATE
> Task :core-ui:processDebugJavaRes UP-TO-DATE
> Task :feature-dashboard:preBuild UP-TO-DATE
> Task :feature-dashboard:preDebugBuild UP-TO-DATE
> Task :core-ui:bundleLibCompileToJarDebug UP-TO-DATE
> Task :feature-dashboard:checkKotlinGradlePluginConfigurationErrors SKIPPED
> Task :feature-onboarding:preBuild UP-TO-DATE
> Task :feature-onboarding:preDebugBuild UP-TO-DATE
> Task :feature-onboarding:generateDebugResValues UP-TO-DATE
> Task :feature-onboarding:generateDebugResources UP-TO-DATE
> Task :feature-onboarding:packageDebugResources UP-TO-DATE
> Task :feature-onboarding:processDebugNavigationResources UP-TO-DATE
> Task :feature-onboarding:parseDebugLocalResources UP-TO-DATE
> Task :feature-onboarding:generateDebugRFile UP-TO-DATE
> Task :feature-onboarding:checkKotlinGradlePluginConfigurationErrors SKIPPED
> Task :feature-onboarding:javaPreCompileDebug UP-TO-DATE
> Task :feature-dashboard:preDebugUnitTestBuild UP-TO-DATE
> Task :core-data:compileDebugKotlin UP-TO-DATE
> Task :core-ai:compileDebugKotlin UP-TO-DATE
> Task :core-data:processDebugJavaRes UP-TO-DATE
> Task :core-ai:processDebugJavaRes UP-TO-DATE
> Task :core-ai:compileDebugJavaWithJavac UP-TO-DATE
> Task :core-data:compileDebugJavaWithJavac UP-TO-DATE
> Task :core-ai:transformDebugClassesWithAsm UP-TO-DATE
> Task :core-data:transformDebugClassesWithAsm UP-TO-DATE
> Task :core-ai:bundleLibCompileToJarDebug UP-TO-DATE
> Task :core-ai:bundleLibRuntimeToJarDebug UP-TO-DATE
> Task :core-data:bundleLibCompileToJarDebug UP-TO-DATE
> Task :core-data:bundleLibRuntimeToJarDebug UP-TO-DATE
> Task :feature-onboarding:kspDebugKotlin UP-TO-DATE
> Task :feature-onboarding:compileDebugKotlin UP-TO-DATE
> Task :feature-onboarding:processDebugJavaRes UP-TO-DATE
> Task :feature-onboarding:compileDebugJavaWithJavac UP-TO-DATE
> Task :feature-dashboard:clean FAILED
> Task :feature-onboarding:transformDebugClassesWithAsm UP-TO-DATE
52 actionable tasks: 1 executed, 51 up-to-date
./gradlew : 
At line:1 char:63
+ ... tudio\jbr"; ./gradlew :feature-dashboard:clean :feature-dashboard:tes ...
+                 ~~~~~~~~~~~~~~~~~~~~~~~~~~~~~~~~~~~~~~~~~~~~~~~~~~~~~~~~~
    + CategoryInfo          : NotSpecified: (:String) [], RemoteException
    + FullyQualifiedErrorId : NativeCommandError
 
FAILURE: Build failed with an exception.

* What went wrong:
Execution failed for task ':feature-dashboard:clean'.
> java.io.IOException: Unable to delete directory 
'C:\Users\isaac\AndroidStudioProjects\CalView\feature-dashboard\build'
    Failed to delete some children. This might happen because a process has files open or has its working directory 
set in the target directory.
    - C:\Users\isaac\AndroidStudioProjects\CalView\feature-dashboard\build\intermediates\compile_and_runtime_r_class_ja
r\debugUnitTest\generateDebugUnitTestStubRFile\R.jar
    - C:\Users\isaac\AndroidStudioProjects\CalView\feature-dashboard\build\intermediates\compile_and_runtime_r_class_ja
r\debugUnitTest\generateDebugUnitTestStubRFile
    - C:\Users\isaac\AndroidStudioProjects\CalView\feature-dashboard\build\intermediates\compile_and_runtime_r_class_ja
r\debugUnitTest
    - 
C:\Users\isaac\AndroidStudioProjects\CalView\feature-dashboard\build\intermediates\compile_and_runtime_r_class_jar
    - C:\Users\isaac\AndroidStudioProjects\CalView\feature-dashboard\build\intermediates\runtime_library_classes_jar\de
bug\bundleLibRuntimeToJarDebug\classes.jar
    - C:\Users\isaac\AndroidStudioProjects\CalView\feature-dashboard\build\intermediates\runtime_library_classes_jar\de
bug\bundleLibRuntimeToJarDebug
    - 
C:\Users\isaac\AndroidStudioProjects\CalView\feature-dashboard\build\intermediates\runtime_library_classes_jar\debug
    - C:\Users\isaac\AndroidStudioProjects\CalView\feature-dashboard\build\intermediates\runtime_library_classes_jar
    - C:\Users\isaac\AndroidStudioProjects\CalView\feature-dashboard\build\intermediates
    - 
C:\Users\isaac\AndroidStudioProjects\CalView\feature-dashboard\build\test-results\testDebugUnitTest\binary\output.bin
    - C:\Users\isaac\AndroidStudioProjects\CalView\feature-dashboard\build\test-results\testDebugUnitTest\binary
    - C:\Users\isaac\AndroidStudioProjects\CalView\feature-dashboard\build\test-results\testDebugUnitTest
    - C:\Users\isaac\AndroidStudioProjects\CalView\feature-dashboard\build\test-results

* Try:
> Run with --stacktrace option to get the stack trace.
> Run with --info or --debug option to get more log output.
> Run with --scan to generate a Build Scan (Powered by Develocity).
> Get more help at https://help.gradle.org.

BUILD FAILED in 1m 38s
Configuration cache entry stored.
